// Jest Snapshot v1, https://goo.gl/fbAQLP

exports[`Autocomplete renders correctly 1`] = `
<View>
  <View
    style={
      Object {
        "flex": 1,
        "left": 0,
        "position": "absolute",
        "right": 0,
        "top": 0,
        "zIndex": 1,
      }
    }
  >
    <View
      style={
        Array [
          Object {
            "zIndex": 1,
          },
          undefined,
        ]
      }
    >
      <View
        style={
          Array [
            Object {
              "borderColor": "#b9b9b9",
              "borderRadius": 1,
              "borderWidth": 1,
            },
            undefined,
          ]
        }
      >
        <TextInput
          blurOnSubmit={true}
          data={Array []}
          defaultValue=""
          onBlur={[Function]}
          onChangeText={[Function]}
          onEndEditing={[Function]}
          onFocus={[Function]}
          renderItem={[Function]}
          renderSeparator={[Function]}
          renderTextInput={[Function]}
          style={
            Array [
              Object {
                "backgroundColor": "white",
                "height": 40,
                "paddingLeft": 3,
              },
              undefined,
            ]
          }
          value=""
        />
      </View>
      <View
        style={undefined}
      />
    </View>
  </View>
</View>
`;
