// Jest Snapshot v1, https://goo.gl/fbAQLP

exports[`PositionForm renders correctly 1`] = `
<View
  style={
    Object {
      "backgroundColor": "white",
      "flex": 1,
      "flexDirection": "column",
    }
  }
>
  <Text
    accessible={true}
    allowFontScaling={true}
    ellipsizeMode="tail"
    style={
      Object {
        "fontSize": 30,
        "fontWeight": "bold",
      }
    }
  >
    Create position
  </Text>
  <View
    style={
      Array [
        Object {
          "height": 50,
          "padding": 3,
        },
        null,
      ]
    }
  >
    <TextInput
      onChangeText={[Function]}
      placeholder="Name"
      style={
        Object {
          "flex": 1,
        }
      }
      value="pos"
    />
  </View>
  <View
    style={
      Array [
        Object {
          "height": 50,
          "padding": 3,
        },
        null,
      ]
    }
  >
    <RCTScrollView
      dataSource={
        ListViewDataSource {
          "items": 1,
        }
      }
      enableEmptySections={true}
      renderRow={[Function]}
      renderScrollComponent={[Function]}
    >
      <View>
        <View
          accessibilityComponentType={undefined}
          accessibilityLabel={undefined}
          accessibilityTraits={undefined}
          accessible={true}
          hasTVPreferredFocus={undefined}
          hitSlop={undefined}
          isTVSelectable={true}
          onLayout={undefined}
          onResponderGrant={[Function]}
          onResponderMove={[Function]}
          onResponderRelease={[Function]}
          onResponderTerminate={[Function]}
          onResponderTerminationRequest={[Function]}
          onStartShouldSetResponder={[Function]}
          style={
            Array [
              Object {
                "backgroundColor": "transparent",
              },
              undefined,
            ]
          }
          testID={undefined}
          tvParallaxProperties={undefined}
        >
          <View
            style={
              Array [
                Object {
                  "alignItems": "center",
                  "flexDirection": "row",
                },
                Object {
                  "backgroundColor": "skyblue",
                },
              ]
            }
          >
            <Text
              accessible={true}
              allowFontScaling={true}
              ellipsizeMode="tail"
            >
              1
               
               - 
            </Text>
          </View>
        </View>
      </View>
    </RCTScrollView>
  </View>
  <View
    style={
      Object {
        "flexDirection": "row",
      }
    }
  >
    <View
      accessibilityComponentType={undefined}
      accessibilityLabel={undefined}
      accessibilityTraits={undefined}
      accessible={true}
      hitSlop={undefined}
      isTVSelectable={true}
      onLayout={undefined}
      onResponderGrant={[Function]}
      onResponderMove={[Function]}
      onResponderRelease={[Function]}
      onResponderTerminate={[Function]}
      onResponderTerminationRequest={[Function]}
      onStartShouldSetResponder={[Function]}
      style={
        Object {
          "alignItems": "center",
          "borderColor": "#55dd66",
          "borderRadius": 3,
          "borderWidth": 1,
          "flex": 1,
          "opacity": 1,
          "padding": 5,
        }
      }
      testID={undefined}
      tvParallaxProperties={undefined}
    >
      <Text
        accessible={true}
        allowFontScaling={true}
        ellipsizeMode="tail"
        style={
          Object {
            "color": "steelblue",
            "fontSize": 20,
            "fontWeight": "bold",
          }
        }
      >
        Save
      </Text>
    </View>
    <View
      accessibilityComponentType={undefined}
      accessibilityLabel={undefined}
      accessibilityTraits={undefined}
      accessible={true}
      hitSlop={undefined}
      isTVSelectable={true}
      onLayout={undefined}
      onResponderGrant={[Function]}
      onResponderMove={[Function]}
      onResponderRelease={[Function]}
      onResponderTerminate={[Function]}
      onResponderTerminationRequest={[Function]}
      onStartShouldSetResponder={[Function]}
      style={
        Object {
          "alignItems": "center",
          "borderColor": "#dd5555",
          "borderRadius": 3,
          "borderWidth": 1,
          "flex": 1,
          "opacity": 1,
          "padding": 5,
        }
      }
      testID={undefined}
      tvParallaxProperties={undefined}
    >
      <Text
        accessible={true}
        allowFontScaling={true}
        ellipsizeMode="tail"
        style={
          Object {
            "color": "steelblue",
            "fontSize": 20,
            "fontWeight": "bold",
          }
        }
      >
        Cancel
      </Text>
    </View>
  </View>
</View>
`;
